// Vitest Snapshot v1, https://vitest.dev/guide/snapshot.html

exports[`chorus tool definitions > K11 tools.snapshot: exactly the 24 shipped tools (23 + whoami), with stable definitions 1`] = `
[
  {
    "description": "Claims a ready task and takes a lease with a fence token, at the task version you expect. Fails if someone else owns it.",
    "inputSchema": {
      "additionalProperties": false,
      "properties": {
        "expected_version": {
          "type": "integer",
        },
        "idempotency_key": {
          "type": "string",
        },
        "session_id": {
          "type": "string",
        },
        "task_id": {
          "type": "string",
        },
      },
      "required": [
        "session_id",
        "task_id",
        "expected_version",
        "idempotency_key",
      ],
      "type": "object",
    },
    "name": "chorus.claim",
    "namespace": "chorus",
    "readWrite": "write",
    "requiredCapability": {
      "action": "claim",
      "resource": {
        "namespace": "chorus",
        "path": [],
      },
    },
    "source": "host",
  },
  {
    "description": "Completes a task in review when every gate passes. Requires the manager role; it never bypasses a required approval.",
    "inputSchema": {
      "additionalProperties": false,
      "properties": {
        "expected_version": {
          "type": "integer",
        },
        "idempotency_key": {
          "type": "string",
        },
        "session_id": {
          "type": "string",
        },
        "task_id": {
          "type": "string",
        },
      },
      "required": [
        "session_id",
        "task_id",
        "expected_version",
        "idempotency_key",
      ],
      "type": "object",
    },
    "name": "chorus.complete",
    "namespace": "chorus",
    "readWrite": "write",
    "requiredCapability": {
      "action": "complete",
      "resource": {
        "namespace": "chorus",
        "path": [],
      },
    },
    "source": "host",
  },
  {
    "description": "Adds a board to a session. Requires the manager role; it does not move existing work.",
    "inputSchema": {
      "additionalProperties": false,
      "properties": {
        "idempotency_key": {
          "type": "string",
        },
        "name": {
          "type": "string",
        },
        "session_id": {
          "type": "string",
        },
      },
      "required": [
        "session_id",
        "name",
        "idempotency_key",
      ],
      "type": "object",
    },
    "name": "chorus.create_board",
    "namespace": "chorus",
    "readWrite": "write",
    "requiredCapability": {
      "action": "create_board",
      "resource": {
        "namespace": "chorus",
        "path": [],
      },
    },
    "source": "host",
  },
  {
    "description": "Creates a session in your room with a first board, and makes you its participant, manager and administrator. Use join_session for a session that already exists.",
    "inputSchema": {
      "additionalProperties": false,
      "properties": {
        "board_name": {
          "type": "string",
        },
        "default_claim_policy": {
          "type": "string",
        },
        "default_review_required": {
          "type": "boolean",
        },
        "discoverable": {
          "type": "boolean",
        },
        "idempotency_key": {
          "type": "string",
        },
        "join_policy": {
          "type": "string",
        },
        "listed_principals": {
          "items": {
            "type": "string",
          },
          "type": "array",
        },
        "manager_review_allowed": {
          "type": "boolean",
        },
        "name": {
          "type": "string",
        },
        "policy_agent_ids": {
          "items": {
            "type": "string",
          },
          "type": "array",
        },
      },
      "required": [
        "name",
        "board_name",
        "idempotency_key",
      ],
      "type": "object",
    },
    "name": "chorus.create_session",
    "namespace": "chorus",
    "readWrite": "write",
    "requiredCapability": {
      "action": "create_session",
      "resource": {
        "namespace": "chorus",
        "path": [],
      },
    },
    "source": "host",
  },
  {
    "description": "Creates a task on a board with acceptance criteria. It does not assign the task; an agent claims it.",
    "inputSchema": {
      "additionalProperties": false,
      "properties": {
        "acceptance_criteria": {
          "items": {
            "type": "string",
          },
          "type": "array",
        },
        "board_id": {
          "type": "string",
        },
        "body": {
          "type": "string",
        },
        "idempotency_key": {
          "type": "string",
        },
        "priority": {
          "type": "integer",
        },
        "review_required": {
          "type": "boolean",
        },
        "session_id": {
          "type": "string",
        },
        "shareable": {
          "type": "boolean",
        },
        "title": {
          "type": "string",
        },
      },
      "required": [
        "session_id",
        "board_id",
        "title",
        "acceptance_criteria",
        "idempotency_key",
      ],
      "type": "object",
    },
    "name": "chorus.create_task",
    "namespace": "chorus",
    "readWrite": "write",
    "requiredCapability": {
      "action": "create_item",
      "resource": {
        "namespace": "chorus",
        "path": [],
      },
    },
    "source": "host",
  },
  {
    "description": "Returns one submitted result revision of a task, with its content and digest.",
    "inputSchema": {
      "additionalProperties": false,
      "properties": {
        "revision": {
          "type": "integer",
        },
        "session_id": {
          "type": "string",
        },
        "task_id": {
          "type": "string",
        },
      },
      "required": [
        "session_id",
        "task_id",
        "revision",
      ],
      "type": "object",
    },
    "name": "chorus.get_result",
    "namespace": "chorus",
    "readWrite": "read",
    "requiredCapability": {
      "action": "read",
      "resource": {
        "namespace": "chorus",
        "path": [],
      },
    },
    "source": "host",
  },
  {
    "description": "Returns one session you belong to: its policy, version and your roles. It does not change anything.",
    "inputSchema": {
      "additionalProperties": false,
      "properties": {
        "session_id": {
          "type": "string",
        },
      },
      "required": [
        "session_id",
      ],
      "type": "object",
    },
    "name": "chorus.get_session",
    "namespace": "chorus",
    "readWrite": "read",
    "requiredCapability": {
      "action": "read",
      "resource": {
        "namespace": "chorus",
        "path": [],
      },
    },
    "source": "host",
  },
  {
    "description": "Returns one task with its state, version, criteria, lease and result and review summaries.",
    "inputSchema": {
      "additionalProperties": false,
      "properties": {
        "session_id": {
          "type": "string",
        },
        "task_id": {
          "type": "string",
        },
      },
      "required": [
        "session_id",
        "task_id",
      ],
      "type": "object",
    },
    "name": "chorus.get_task",
    "namespace": "chorus",
    "readWrite": "read",
    "requiredCapability": {
      "action": "read",
      "resource": {
        "namespace": "chorus",
        "path": [],
      },
    },
    "source": "host",
  },
  {
    "description": "Grants the manager or administrator role to a live member of a session. Requires the administrator role; granting a role the member already holds changes nothing.",
    "inputSchema": {
      "additionalProperties": false,
      "properties": {
        "actor_id": {
          "type": "string",
        },
        "idempotency_key": {
          "type": "string",
        },
        "role": {
          "type": "string",
        },
        "session_id": {
          "type": "string",
        },
      },
      "required": [
        "session_id",
        "actor_id",
        "role",
        "idempotency_key",
      ],
      "type": "object",
    },
    "name": "chorus.grant_role",
    "namespace": "chorus",
    "readWrite": "write",
    "requiredCapability": {
      "action": "administer",
      "resource": {
        "namespace": "chorus",
        "path": [],
      },
    },
    "source": "host",
  },
  {
    "description": "Joins a session by id, when its join policy admits you. Joining a session you already belong to changes nothing; an unknown or ineligible id is reported as not found.",
    "inputSchema": {
      "additionalProperties": false,
      "properties": {
        "idempotency_key": {
          "type": "string",
        },
        "join_credential": {
          "type": "string",
        },
        "session_id": {
          "type": "string",
        },
      },
      "required": [
        "session_id",
        "idempotency_key",
      ],
      "type": "object",
    },
    "name": "chorus.join_session",
    "namespace": "chorus",
    "readWrite": "write",
    "requiredCapability": {
      "action": "join_session",
      "resource": {
        "namespace": "chorus",
        "path": [],
      },
    },
    "source": "host",
  },
  {
    "description": "Leaves a session, cancelling your requested reviews and clearing your task leases. The last administrator cannot leave.",
    "inputSchema": {
      "additionalProperties": false,
      "properties": {
        "idempotency_key": {
          "type": "string",
        },
        "session_id": {
          "type": "string",
        },
      },
      "required": [
        "session_id",
        "idempotency_key",
      ],
      "type": "object",
    },
    "name": "chorus.leave_session",
    "namespace": "chorus",
    "readWrite": "write",
    "requiredCapability": {
      "action": "leave",
      "resource": {
        "namespace": "chorus",
        "path": [],
      },
    },
    "source": "host",
  },
  {
    "description": "Lists the boards of a session you belong to.",
    "inputSchema": {
      "additionalProperties": false,
      "properties": {
        "session_id": {
          "type": "string",
        },
      },
      "required": [
        "session_id",
      ],
      "type": "object",
    },
    "name": "chorus.list_boards",
    "namespace": "chorus",
    "readWrite": "read",
    "requiredCapability": {
      "action": "read",
      "resource": {
        "namespace": "chorus",
        "path": [],
      },
    },
    "source": "host",
  },
  {
    "description": "Lists the live members of a session you belong to, with their roles.",
    "inputSchema": {
      "additionalProperties": false,
      "properties": {
        "session_id": {
          "type": "string",
        },
      },
      "required": [
        "session_id",
      ],
      "type": "object",
    },
    "name": "chorus.list_members",
    "namespace": "chorus",
    "readWrite": "read",
    "requiredCapability": {
      "action": "read",
      "resource": {
        "namespace": "chorus",
        "path": [],
      },
    },
    "source": "host",
  },
  {
    "description": "Lists the reviews assigned to you in a session, optionally by state.",
    "inputSchema": {
      "additionalProperties": false,
      "properties": {
        "cursor": {
          "type": "string",
        },
        "limit": {
          "type": "integer",
        },
        "session_id": {
          "type": "string",
        },
        "states": {
          "items": {
            "type": "string",
          },
          "type": "array",
        },
      },
      "required": [
        "session_id",
      ],
      "type": "object",
    },
    "name": "chorus.list_my_reviews",
    "namespace": "chorus",
    "readWrite": "read",
    "requiredCapability": {
      "action": "read",
      "resource": {
        "namespace": "chorus",
        "path": [],
      },
    },
    "source": "host",
  },
  {
    "description": "Lists the active sessions of your room that you may see, with whether you are a member and your roles. It does not list sessions that are hidden from you.",
    "inputSchema": {
      "additionalProperties": false,
      "properties": {},
      "required": [],
      "type": "object",
    },
    "name": "chorus.list_sessions",
    "namespace": "chorus",
    "readWrite": "read",
    "requiredCapability": {
      "action": "read_sessions",
      "resource": {
        "namespace": "chorus",
        "path": [],
      },
    },
    "source": "host",
  },
  {
    "description": "Lists tasks in a session you belong to, optionally filtered by board, state, owner or blocked flag, newest first with a cursor.",
    "inputSchema": {
      "additionalProperties": false,
      "properties": {
        "blocked": {
          "type": "boolean",
        },
        "board_id": {
          "type": "string",
        },
        "cursor": {
          "type": "string",
        },
        "limit": {
          "type": "integer",
        },
        "owner": {
          "type": "string",
        },
        "session_id": {
          "type": "string",
        },
        "states": {
          "items": {
            "type": "string",
          },
          "type": "array",
        },
      },
      "required": [
        "session_id",
      ],
      "type": "object",
    },
    "name": "chorus.list_work",
    "namespace": "chorus",
    "readWrite": "read",
    "requiredCapability": {
      "action": "read",
      "resource": {
        "namespace": "chorus",
        "path": [],
      },
    },
    "source": "host",
  },
  {
    "description": "Removes a member from a session, cancelling their requested reviews and clearing their task leases. Requires the administrator role; the last administrator cannot be removed.",
    "inputSchema": {
      "additionalProperties": false,
      "properties": {
        "actor_id": {
          "type": "string",
        },
        "idempotency_key": {
          "type": "string",
        },
        "session_id": {
          "type": "string",
        },
      },
      "required": [
        "session_id",
        "actor_id",
        "idempotency_key",
      ],
      "type": "object",
    },
    "name": "chorus.remove_member",
    "namespace": "chorus",
    "readWrite": "write",
    "requiredCapability": {
      "action": "administer",
      "resource": {
        "namespace": "chorus",
        "path": [],
      },
    },
    "source": "host",
  },
  {
    "description": "Extends your lease on a task you own, presenting the fence token you were given.",
    "inputSchema": {
      "additionalProperties": false,
      "properties": {
        "expected_version": {
          "type": "integer",
        },
        "fence": {
          "type": "integer",
        },
        "idempotency_key": {
          "type": "string",
        },
        "session_id": {
          "type": "string",
        },
        "task_id": {
          "type": "string",
        },
      },
      "required": [
        "session_id",
        "task_id",
        "expected_version",
        "fence",
        "idempotency_key",
      ],
      "type": "object",
    },
    "name": "chorus.renew_lease",
    "namespace": "chorus",
    "readWrite": "write",
    "requiredCapability": {
      "action": "renew_lease",
      "resource": {
        "namespace": "chorus",
        "path": [],
      },
    },
    "source": "host",
  },
  {
    "description": "Asks a session member to review the latest result revision. The reviewer can never be the submitter or the task owner.",
    "inputSchema": {
      "additionalProperties": false,
      "properties": {
        "expected_version": {
          "type": "integer",
        },
        "idempotency_key": {
          "type": "string",
        },
        "reviewer_actor_id": {
          "type": "string",
        },
        "revision": {
          "type": "integer",
        },
        "session_id": {
          "type": "string",
        },
        "task_id": {
          "type": "string",
        },
      },
      "required": [
        "session_id",
        "task_id",
        "expected_version",
        "revision",
        "reviewer_actor_id",
        "idempotency_key",
      ],
      "type": "object",
    },
    "name": "chorus.request_review",
    "namespace": "chorus",
    "readWrite": "write",
    "requiredCapability": {
      "action": "request_review",
      "resource": {
        "namespace": "chorus",
        "path": [],
      },
    },
    "source": "host",
  },
  {
    "description": "Records a verdict on a review assigned to you, quoting the digest of the reviewed result. An approval of the latest revision completes the task automatically when the gates pass.",
    "inputSchema": {
      "additionalProperties": false,
      "properties": {
        "content_sha256": {
          "type": "string",
        },
        "expected_version": {
          "type": "integer",
        },
        "idempotency_key": {
          "type": "string",
        },
        "notes": {
          "type": "string",
        },
        "review_id": {
          "type": "string",
        },
        "session_id": {
          "type": "string",
        },
        "verdict": {
          "type": "string",
        },
      },
      "required": [
        "session_id",
        "review_id",
        "expected_version",
        "verdict",
        "content_sha256",
        "idempotency_key",
      ],
      "type": "object",
    },
    "name": "chorus.review",
    "namespace": "chorus",
    "readWrite": "write",
    "requiredCapability": {
      "action": "review",
      "resource": {
        "namespace": "chorus",
        "path": [],
      },
    },
    "source": "host",
  },
  {
    "description": "Revokes the manager or administrator role from a live member. Requires the administrator role; the last administrator cannot be revoked.",
    "inputSchema": {
      "additionalProperties": false,
      "properties": {
        "actor_id": {
          "type": "string",
        },
        "idempotency_key": {
          "type": "string",
        },
        "role": {
          "type": "string",
        },
        "session_id": {
          "type": "string",
        },
      },
      "required": [
        "session_id",
        "actor_id",
        "role",
        "idempotency_key",
      ],
      "type": "object",
    },
    "name": "chorus.revoke_role",
    "namespace": "chorus",
    "readWrite": "write",
    "requiredCapability": {
      "action": "administer",
      "resource": {
        "namespace": "chorus",
        "path": [],
      },
    },
    "source": "host",
  },
  {
    "description": "Changes a session policy (name, discoverability, join and claim policy, review settings) at the session version you expect. Requires the administrator role.",
    "inputSchema": {
      "additionalProperties": false,
      "properties": {
        "default_claim_policy": {
          "type": "string",
        },
        "default_review_required": {
          "type": "boolean",
        },
        "discoverable": {
          "type": "boolean",
        },
        "expected_version": {
          "type": "integer",
        },
        "idempotency_key": {
          "type": "string",
        },
        "join_policy": {
          "type": "string",
        },
        "listed_principals": {
          "items": {
            "type": "string",
          },
          "type": "array",
        },
        "manager_review_allowed": {
          "type": "boolean",
        },
        "name": {
          "type": "string",
        },
        "policy_agent_ids": {
          "items": {
            "type": "string",
          },
          "type": "array",
        },
        "session_id": {
          "type": "string",
        },
      },
      "required": [
        "session_id",
        "expected_version",
        "idempotency_key",
      ],
      "type": "object",
    },
    "name": "chorus.set_session_policy",
    "namespace": "chorus",
    "readWrite": "write",
    "requiredCapability": {
      "action": "administer",
      "resource": {
        "namespace": "chorus",
        "path": [],
      },
    },
    "source": "host",
  },
  {
    "description": "Submits a result revision for a task you own, mapping it to the acceptance criteria. It moves the task to review; it does not complete it.",
    "inputSchema": {
      "additionalProperties": false,
      "properties": {
        "content": {
          "type": "string",
        },
        "content_type": {
          "type": "string",
        },
        "criteria_mapping": {
          "items": {
            "type": "object",
          },
          "type": "array",
        },
        "expected_version": {
          "type": "integer",
        },
        "fence": {
          "type": "integer",
        },
        "idempotency_key": {
          "type": "string",
        },
        "session_id": {
          "type": "string",
        },
        "supporting_refs": {
          "items": {
            "type": "string",
          },
          "type": "array",
        },
        "task_id": {
          "type": "string",
        },
      },
      "required": [
        "session_id",
        "task_id",
        "expected_version",
        "fence",
        "content",
        "content_type",
        "criteria_mapping",
        "idempotency_key",
      ],
      "type": "object",
    },
    "name": "chorus.submit_result",
    "namespace": "chorus",
    "readWrite": "write",
    "requiredCapability": {
      "action": "submit_result",
      "resource": {
        "namespace": "chorus",
        "path": [],
      },
    },
    "source": "host",
  },
  {
    "description": "Returns who you are in this room: your actor and instance, the room, when your token expires, the task lease duration and the server version. It changes nothing.",
    "inputSchema": {
      "additionalProperties": false,
      "properties": {},
      "required": [],
      "type": "object",
    },
    "name": "chorus.whoami",
    "namespace": "chorus",
    "readWrite": "read",
    "requiredCapability": {
      "action": "read_sessions",
      "resource": {
        "namespace": "chorus",
        "path": [],
      },
    },
    "source": "host",
  },
]
`;
